Release 14.7 - xst P.20131013 (nt64)
Copyright (c) 1995-2013 Xilinx, Inc.  All rights reserved.
--> Parameter TMPDIR set to xst/projnav.tmp


Total REAL time to Xst completion: 0.00 secs
Total CPU time to Xst completion: 0.07 secs
 
--> Parameter xsthdpdir set to xst


Total REAL time to Xst completion: 0.00 secs
Total CPU time to Xst completion: 0.07 secs
 
--> Reading design: alu4_top.prj

TABLE OF CONTENTS
  1) Synthesis Options Summary
  2) HDL Parsing
  3) HDL Elaboration
  4) HDL Synthesis
       4.1) HDL Synthesis Report
  5) Advanced HDL Synthesis
       5.1) Advanced HDL Synthesis Report
  6) Low Level Synthesis
  7) Partition Report
  8) Design Summary
       8.1) Primitive and Black Box Usage
       8.2) Device utilization summary
       8.3) Partition Resource Summary
       8.4) Timing Report
            8.4.1) Clock Information
            8.4.2) Asynchronous Control Signals Information
            8.4.3) Timing Summary
            8.4.4) Timing Details
            8.4.5) Cross Clock Domains Report


=========================================================================
*                      Synthesis Options Summary                        *
=========================================================================
---- Source Parameters
Input File Name                    : "alu4_top.prj"
Ignore Synthesis Constraint File   : NO

---- Target Parameters
Output File Name                   : "alu4_top"
Output Format                      : NGC
Target Device                      : xc7a100t-3-csg324

---- Source Options
Top Module Name                    : alu4_top
Automatic FSM Extraction           : YES
FSM Encoding Algorithm             : Auto
Safe Implementation                : No
FSM Style                          : LUT
RAM Extraction                     : Yes
RAM Style                          : Auto
ROM Extraction                     : Yes
Shift Register Extraction          : YES
ROM Style                          : Auto
Resource Sharing                   : YES
Asynchronous To Synchronous        : NO
Shift Register Minimum Size        : 2
Use DSP Block                      : Auto
Automatic Register Balancing       : No

---- Target Options
LUT Combining                      : Auto
Reduce Control Sets                : Auto
Add IO Buffers                     : YES
Global Maximum Fanout              : 100000
Add Generic Clock Buffer(BUFG)     : 32
Register Duplication               : YES
Optimize Instantiated Primitives   : NO
Use Clock Enable                   : Auto
Use Synchronous Set                : Auto
Use Synchronous Reset              : Auto
Pack IO Registers into IOBs        : Auto
Equivalent register Removal        : YES

---- General Options
Optimization Goal                  : Speed
Optimization Effort                : 1
Power Reduction                    : NO
Keep Hierarchy                     : No
Netlist Hierarchy                  : As_Optimized
RTL Output                         : Yes
Global Optimization                : AllClockNets
Read Cores                         : YES
Write Timing Constraints           : NO
Cross Clock Analysis               : NO
Hierarchy Separator                : /
Bus Delimiter                      : <>
Case Specifier                     : Maintain
Slice Utilization Ratio            : 100
BRAM Utilization Ratio             : 100
DSP48 Utilization Ratio            : 100
Auto BRAM Packing                  : NO
Slice Utilization Ratio Delta      : 5

=========================================================================


=========================================================================
*                          HDL Parsing                                  *
=========================================================================
Analyzing Verilog file "C:\xilinx\lab7\lab7_4\lab7_alu_modulok.v" into library work
Parsing module <mux2_4>.
Parsing module <mux3_8>.
Parsing module <add4>.
Parsing module <sub4>.
Parsing module <mul4>.
Analyzing Verilog file "C:\xilinx\lab7\lab7_4\lab7_4_alu_top.v" into library work
Parsing module <alu_top>.
Analyzing Verilog file "C:\xilinx\lab7\lab7_4\lab7_4_7seg.v" into library work
Parsing module <hex7seg>.
Analyzing Verilog file "C:\xilinx\lab7\lab7_4\lab7_4_4alu_top.v" into library work
Parsing module <alu4_top>.

=========================================================================
*                            HDL Elaboration                            *
=========================================================================

Elaborating module <alu4_top>.

Elaborating module <hex7seg>.

Elaborating module <alu_top>.

Elaborating module <mux2_4>.
WARNING:HDLCompiler:189 - "C:\xilinx\lab7\lab7_4\lab7_4_alu_top.v" Line 28: Size mismatch in connection of port <out>. Formal port size is 8-bit while actual signal size is 4-bit.
WARNING:HDLCompiler:189 - "C:\xilinx\lab7\lab7_4\lab7_4_alu_top.v" Line 29: Size mismatch in connection of port <out>. Formal port size is 8-bit while actual signal size is 4-bit.

Elaborating module <add4>.

Elaborating module <sub4>.

Elaborating module <mul4>.

Elaborating module <mux3_8>.

=========================================================================
*                           HDL Synthesis                               *
=========================================================================

Synthesizing Unit <alu4_top>.
    Related source file is "C:\xilinx\lab7\lab7_4\lab7_4_4alu_top.v".
    Summary:
	no macro.
Unit <alu4_top> synthesized.

Synthesizing Unit <hex7seg>.
    Related source file is "C:\xilinx\lab7\lab7_4\lab7_4_7seg.v".
    Found 16x7-bit Read Only RAM for signal <a_to_g>
    Summary:
	inferred   1 RAM(s).
Unit <hex7seg> synthesized.

Synthesizing Unit <alu_top>.
    Related source file is "C:\xilinx\lab7\lab7_4\lab7_4_alu_top.v".
    Summary:
	no macro.
Unit <alu_top> synthesized.

Synthesizing Unit <mux2_4>.
    Related source file is "C:\xilinx\lab7\lab7_4\lab7_alu_modulok.v".
    Summary:
	inferred   1 Multiplexer(s).
Unit <mux2_4> synthesized.

Synthesizing Unit <add4>.
    Related source file is "C:\xilinx\lab7\lab7_4\lab7_alu_modulok.v".
    Found 5-bit adder for signal <n0008[4:0]> created at line 38.
    Summary:
	inferred   1 Adder/Subtractor(s).
Unit <add4> synthesized.

Synthesizing Unit <sub4>.
    Related source file is "C:\xilinx\lab7\lab7_4\lab7_alu_modulok.v".
    Found 5-bit subtractor for signal <n0003[4:0]> created at line 42.
    Summary:
	inferred   1 Adder/Subtractor(s).
Unit <sub4> synthesized.

Synthesizing Unit <mul4>.
    Related source file is "C:\xilinx\lab7\lab7_4\lab7_alu_modulok.v".
    Found 4x4-bit multiplier for signal <prod> created at line 46.
    Summary:
	inferred   1 Multiplier(s).
Unit <mul4> synthesized.

Synthesizing Unit <mux3_8>.
    Related source file is "C:\xilinx\lab7\lab7_4\lab7_alu_modulok.v".
    Found 8-bit 3-to-1 multiplexer for signal <out> created at line 28.
    Summary:
	inferred   1 Multiplexer(s).
Unit <mux3_8> synthesized.

=========================================================================
HDL Synthesis Report

Macro Statistics
# RAMs                                                 : 1
 16x7-bit single-port Read Only RAM                    : 1
# Multipliers                                          : 1
 4x4-bit multiplier                                    : 1
# Adders/Subtractors                                   : 2
 5-bit adder                                           : 1
 5-bit subtractor                                      : 1
# Multiplexers                                         : 3
 8-bit 2-to-1 multiplexer                              : 2
 8-bit 3-to-1 multiplexer                              : 1

=========================================================================

=========================================================================
*                       Advanced HDL Synthesis                          *
=========================================================================


Synthesizing (advanced) Unit <hex7seg>.
INFO:Xst:3218 - HDL ADVISOR - The RAM <Mram_a_to_g> will be implemented on LUTs either because you have described an asynchronous read or because of currently unsupported block RAM features. If you have described an asynchronous read, making it synchronous would allow you to take advantage of available block RAM resources, for optimized device usage and improved timings. Please refer to your documentation for coding guidelines.
    -----------------------------------------------------------------------
    | ram_type           | Distributed                         |          |
    -----------------------------------------------------------------------
    | Port A                                                              |
    |     aspect ratio   | 16-word x 7-bit                     |          |
    |     weA            | connected to signal <GND>           | high     |
    |     addrA          | connected to signal <x>             |          |
    |     diA            | connected to signal <GND>           |          |
    |     doA            | connected to signal <a_to_g>        |          |
    -----------------------------------------------------------------------
Unit <hex7seg> synthesized (advanced).

=========================================================================
Advanced HDL Synthesis Report

Macro Statistics
# RAMs                                                 : 1
 16x7-bit single-port distributed Read Only RAM        : 1
# Multipliers                                          : 1
 4x4-bit multiplier                                    : 1
# Adders/Subtractors                                   : 2
 5-bit adder                                           : 1
 5-bit subtractor                                      : 1
# Multiplexers                                         : 3
 8-bit 2-to-1 multiplexer                              : 2
 8-bit 3-to-1 multiplexer                              : 1

=========================================================================

=========================================================================
*                         Low Level Synthesis                           *
=========================================================================
WARNING:Xst:1989 - Unit <alu_top>: instances <adder_mux>, <sub_mux> of unit <mux2_4> are equivalent, second instance is removed

Optimizing unit <alu4_top> ...

Mapping all equations...
Building and optimizing final netlist ...
Found area constraint ratio of 100 (+ 5) on block alu4_top, actual ratio is 0.

Final Macro Processing ...

=========================================================================
Final Register Report

Found no macro
=========================================================================

=========================================================================
*                           Partition Report                            *
=========================================================================

Partition Implementation Status
-------------------------------

  No Partitions were found in this design.

-------------------------------

=========================================================================
*                            Design Summary                             *
=========================================================================

Top Level Output File Name         : alu4_top.ngc

Primitive and Black Box Usage:
------------------------------
# BELS                             : 34
#      GND                         : 1
#      LUT2                        : 1
#      LUT3                        : 5
#      LUT4                        : 4
#      LUT5                        : 5
#      LUT6                        : 12
#      MUXCY                       : 2
#      VCC                         : 1
#      XORCY                       : 3
# IO Buffers                       : 27
#      IBUF                        : 11
#      OBUF                        : 16

Device utilization summary:
---------------------------

Selected Device : 7a100tcsg324-3 


Slice Logic Utilization: 
 Number of Slice LUTs:                   27  out of  63400     0%  
    Number used as Logic:                27  out of  63400     0%  

Slice Logic Distribution: 
 Number of LUT Flip Flop pairs used:     27
   Number with an unused Flip Flop:      27  out of     27   100%  
   Number with an unused LUT:             0  out of     27     0%  
   Number of fully used LUT-FF pairs:     0  out of     27     0%  
   Number of unique control sets:         0

IO Utilization: 
 Number of IOs:                          27
 Number of bonded IOBs:                  27  out of    210    12%  

Specific Feature Utilization:

---------------------------
Partition Resource Summary:
---------------------------

  No Partitions were found in this design.

---------------------------


=========================================================================
Timing Report

NOTE: THESE TIMING NUMBERS ARE ONLY A SYNTHESIS ESTIMATE.
      FOR ACCURATE TIMING INFORMATION PLEASE REFER TO THE TRACE REPORT
      GENERATED AFTER PLACE-and-ROUTE.

Clock Information:
------------------
No clock signals found in this design

Asynchronous Control Signals Information:
----------------------------------------
No asynchronous control signals found in this design

Timing Summary:
---------------
Speed Grade: -3

   Minimum period: No path found
   Minimum input arrival time before clock: No path found
   Maximum output required time after clock: No path found
   Maximum combinational path delay: 3.045ns

Timing Details:
---------------
All values displayed in nanoseconds (ns)

=========================================================================
Timing constraint: Default path analysis
  Total number of paths / destination ports: 700 / 7
-------------------------------------------------------------------------
Delay:               3.045ns (Levels of Logic = 6)
  Source:            a<1> (PAD)
  Destination:       a_to_g<5> (PAD)

  Data Path: a<1> to a_to_g<5>
                                Gate     Net
    Cell:in->out      fanout   Delay   Delay  Logical Name (Net Name)
    ----------------------------------------  ------------
     IBUF:I->O             8   0.001   0.716  a_1_IBUF (a_1_IBUF)
     LUT5:I0->O            2   0.097   0.561  D1/our_adder/Madd_n0008[4:0]_cy<1>11 (D1/our_adder/Madd_n0008[4:0]_cy<1>)
     LUT4:I0->O            1   0.097   0.379  D1/output_mux/Mmux_out3_SW0 (N7)
     LUT6:I4->O            7   0.097   0.721  D1/output_mux/Mmux_out3 (r1<2>)
     LUT6:I0->O            1   0.097   0.279  D4/Mram_a_to_g51 (a_to_g_5_OBUF)
     OBUF:I->O                 0.000          a_to_g_5_OBUF (a_to_g<5>)
    ----------------------------------------
    Total                      3.045ns (0.389ns logic, 2.656ns route)
                                       (12.8% logic, 87.2% route)

=========================================================================

Cross Clock Domains Report:
--------------------------

=========================================================================


Total REAL time to Xst completion: 5.00 secs
Total CPU time to Xst completion: 5.35 secs
 
--> 

Total memory usage is 4617736 kilobytes

Number of errors   :    0 (   0 filtered)
Number of warnings :    3 (   0 filtered)
Number of infos    :    1 (   0 filtered)

